<MinefieldState: 
grid: 
__________
|💣321     |
|2💣💣1111  |
|12322💣1  |
|  1💣322  |
|  112💣1  |
|    111  |
|         |
|         |
|         |
|         |
|         |
|         |
__________

content: [TileCore.TileState(id: 0, tile: 💣, isHidden: true, isMarked: false), TileCore.TileState(id: 1, tile: 3, isHidden: true, isMarked: false), TileCore.TileState(id: 2, tile: 2, isHidden: true, isMarked: false), TileCore.TileState(id: 3, tile: 1, isHidden: true, isMarked: false), TileCore.TileState(id: 4, tile:  , isHidden: true, isMarked: false), TileCore.TileState(id: 5, tile:  , isHidden: true, isMarked: false), TileCore.TileState(id: 6, tile:  , isHidden: true, isMarked: false), TileCore.TileState(id: 7, tile:  , isHidden: true, isMarked: false), TileCore.TileState(id: 8, tile:  , isHidden: true, isMarked: false), TileCore.TileState(id: 9, tile: 2, isHidden: true, isMarked: false), TileCore.TileState(id: 10, tile: 💣, isHidden: true, isMarked: false), TileCore.TileState(id: 11, tile: 💣, isHidden: true, isMarked: false), TileCore.TileState(id: 12, tile: 1, isHidden: true, isMarked: false), TileCore.TileState(id: 13, tile: 1, isHidden: true, isMarked: false), TileCore.TileState(id: 14, tile: 1, isHidden: true, isMarked: false), TileCore.TileState(id: 15, tile: 1, isHidden: true, isMarked: false), TileCore.TileState(id: 16, tile:  , isHidden: true, isMarked: false), TileCore.TileState(id: 17, tile:  , isHidden: true, isMarked: false), TileCore.TileState(id: 18, tile: 1, isHidden: true, isMarked: false), TileCore.TileState(id: 19, tile: 2, isHidden: true, isMarked: false), TileCore.TileState(id: 20, tile: 3, isHidden: true, isMarked: false), TileCore.TileState(id: 21, tile: 2, isHidden: true, isMarked: false), TileCore.TileState(id: 22, tile: 2, isHidden: true, isMarked: false), TileCore.TileState(id: 23, tile: 💣, isHidden: true, isMarked: false), TileCore.TileState(id: 24, tile: 1, isHidden: true, isMarked: false), TileCore.TileState(id: 25, tile:  , isHidden: true, isMarked: false), TileCore.TileState(id: 26, tile:  , isHidden: true, isMarked: false), TileCore.TileState(id: 27, tile:  , isHidden: true, isMarked: false), TileCore.TileState(id: 28, tile:  , isHidden: true, isMarked: false), TileCore.TileState(id: 29, tile: 1, isHidden: true, isMarked: false), TileCore.TileState(id: 30, tile: 💣, isHidden: true, isMarked: false), TileCore.TileState(id: 31, tile: 3, isHidden: true, isMarked: false), TileCore.TileState(id: 32, tile: 2, isHidden: true, isMarked: false), TileCore.TileState(id: 33, tile: 2, isHidden: true, isMarked: false), TileCore.TileState(id: 34, tile:  , isHidden: true, isMarked: false), TileCore.TileState(id: 35, tile:  , isHidden: true, isMarked: false), TileCore.TileState(id: 36, tile:  , isHidden: true, isMarked: false), TileCore.TileState(id: 37, tile:  , isHidden: true, isMarked: false), TileCore.TileState(id: 38, tile: 1, isHidden: true, isMarked: false), TileCore.TileState(id: 39, tile: 1, isHidden: true, isMarked: false), TileCore.TileState(id: 40, tile: 2, isHidden: true, isMarked: false), TileCore.TileState(id: 41, tile: 💣, isHidden: true, isMarked: false), TileCore.TileState(id: 42, tile: 1, isHidden: true, isMarked: false), TileCore.TileState(id: 43, tile:  , isHidden: true, isMarked: false), TileCore.TileState(id: 44, tile:  , isHidden: true, isMarked: false), TileCore.TileState(id: 45, tile:  , isHidden: true, isMarked: false), TileCore.TileState(id: 46, tile:  , isHidden: true, isMarked: false), TileCore.TileState(id: 47, tile:  , isHidden: true, isMarked: false), TileCore.TileState(id: 48, tile:  , isHidden: true, isMarked: false), TileCore.TileState(id: 49, tile: 1, isHidden: true, isMarked: false), TileCore.TileState(id: 50, tile: 1, isHidden: true, isMarked: false), TileCore.TileState(id: 51, tile: 1, isHidden: true, isMarked: false), TileCore.TileState(id: 52, tile:  , isHidden: true, isMarked: false), TileCore.TileState(id: 53, tile:  , isHidden: true, isMarked: false), TileCore.TileState(id: 54, tile:  , isHidden: true, isMarked: false), TileCore.TileState(id: 55, tile:  , isHidden: true, isMarked: false), TileCore.TileState(id: 56, tile:  , isHidden: true, isMarked: false), TileCore.TileState(id: 57, tile:  , isHidden: true, isMarked: false), TileCore.TileState(id: 58, tile:  , isHidden: true, isMarked: false), TileCore.TileState(id: 59, tile:  , isHidden: true, isMarked: false), TileCore.TileState(id: 60, tile:  , isHidden: true, isMarked: false), TileCore.TileState(id: 61, tile:  , isHidden: true, isMarked: false), TileCore.TileState(id: 62, tile:  , isHidden: true, isMarked: false), TileCore.TileState(id: 63, tile:  , isHidden: true, isMarked: false), TileCore.TileState(id: 64, tile:  , isHidden: true, isMarked: false), TileCore.TileState(id: 65, tile:  , isHidden: true, isMarked: false), TileCore.TileState(id: 66, tile:  , isHidden: true, isMarked: false), TileCore.TileState(id: 67, tile:  , isHidden: true, isMarked: false), TileCore.TileState(id: 68, tile:  , isHidden: true, isMarked: false), TileCore.TileState(id: 69, tile:  , isHidden: true, isMarked: false), TileCore.TileState(id: 70, tile:  , isHidden: true, isMarked: false), TileCore.TileState(id: 71, tile:  , isHidden: true, isMarked: false), TileCore.TileState(id: 72, tile:  , isHidden: true, isMarked: false), TileCore.TileState(id: 73, tile:  , isHidden: true, isMarked: false), TileCore.TileState(id: 74, tile:  , isHidden: true, isMarked: false), TileCore.TileState(id: 75, tile:  , isHidden: true, isMarked: false), TileCore.TileState(id: 76, tile:  , isHidden: true, isMarked: false), TileCore.TileState(id: 77, tile:  , isHidden: true, isMarked: false), TileCore.TileState(id: 78, tile:  , isHidden: true, isMarked: false), TileCore.TileState(id: 79, tile:  , isHidden: true, isMarked: false), TileCore.TileState(id: 80, tile:  , isHidden: true, isMarked: false), TileCore.TileState(id: 81, tile:  , isHidden: true, isMarked: false), TileCore.TileState(id: 82, tile:  , isHidden: true, isMarked: false), TileCore.TileState(id: 83, tile:  , isHidden: true, isMarked: false), TileCore.TileState(id: 84, tile:  , isHidden: true, isMarked: false), TileCore.TileState(id: 85, tile:  , isHidden: true, isMarked: false), TileCore.TileState(id: 86, tile:  , isHidden: true, isMarked: false), TileCore.TileState(id: 87, tile:  , isHidden: true, isMarked: false), TileCore.TileState(id: 88, tile:  , isHidden: true, isMarked: false), TileCore.TileState(id: 89, tile:  , isHidden: true, isMarked: false), TileCore.TileState(id: 90, tile:  , isHidden: true, isMarked: false), TileCore.TileState(id: 91, tile:  , isHidden: true, isMarked: false), TileCore.TileState(id: 92, tile:  , isHidden: true, isMarked: false), TileCore.TileState(id: 93, tile:  , isHidden: true, isMarked: false), TileCore.TileState(id: 94, tile:  , isHidden: true, isMarked: false), TileCore.TileState(id: 95, tile:  , isHidden: true, isMarked: false), TileCore.TileState(id: 96, tile:  , isHidden: true, isMarked: false), TileCore.TileState(id: 97, tile:  , isHidden: true, isMarked: false), TileCore.TileState(id: 98, tile:  , isHidden: true, isMarked: false), TileCore.TileState(id: 99, tile:  , isHidden: true, isMarked: false), TileCore.TileState(id: 100, tile:  , isHidden: true, isMarked: false), TileCore.TileState(id: 101, tile:  , isHidden: true, isMarked: false), TileCore.TileState(id: 102, tile:  , isHidden: true, isMarked: false), TileCore.TileState(id: 103, tile:  , isHidden: true, isMarked: false), TileCore.TileState(id: 104, tile:  , isHidden: true, isMarked: false), TileCore.TileState(id: 105, tile:  , isHidden: true, isMarked: false), TileCore.TileState(id: 106, tile:  , isHidden: true, isMarked: false), TileCore.TileState(id: 107, tile:  , isHidden: true, isMarked: false)]
gridInfo: <GridInfo: mines: [0, 10, 11, 23, 30, 41]; flagged: []; revealed: []
result: nil>