MinefieldAttributes(rows: 3, columns: 3, mines: 1)