MinefieldAttributes(rows: 30, columns: 30, mines: 899)