MinefieldAttributes(rows: 10, columns: 10, mines: 10)