<MinefieldState: 
grid: 
___________
|11        |
|💣1        |
|11111  111|
| 12💣1112💣1|
| 1💣211💣211|
|12233321  |
|💣22💣💣💣1   |
|2💣22321   |
|111       |
|          |
___________

content: [TileCore.TileState(id: 0, tile: 1, isHidden: false, isMarked: false), TileCore.TileState(id: 1, tile: 1, isHidden: true, isMarked: false), TileCore.TileState(id: 2, tile:  , isHidden: true, isMarked: false), TileCore.TileState(id: 3, tile:  , isHidden: true, isMarked: false), TileCore.TileState(id: 4, tile:  , isHidden: true, isMarked: false), TileCore.TileState(id: 5, tile:  , isHidden: true, isMarked: false), TileCore.TileState(id: 6, tile:  , isHidden: true, isMarked: false), TileCore.TileState(id: 7, tile:  , isHidden: true, isMarked: false), TileCore.TileState(id: 8, tile:  , isHidden: true, isMarked: false), TileCore.TileState(id: 9, tile:  , isHidden: true, isMarked: false), TileCore.TileState(id: 10, tile: 💣, isHidden: true, isMarked: false), TileCore.TileState(id: 11, tile: 1, isHidden: true, isMarked: false), TileCore.TileState(id: 12, tile:  , isHidden: true, isMarked: false), TileCore.TileState(id: 13, tile:  , isHidden: true, isMarked: false), TileCore.TileState(id: 14, tile:  , isHidden: true, isMarked: false), TileCore.TileState(id: 15, tile:  , isHidden: true, isMarked: false), TileCore.TileState(id: 16, tile:  , isHidden: true, isMarked: false), TileCore.TileState(id: 17, tile:  , isHidden: true, isMarked: false), TileCore.TileState(id: 18, tile:  , isHidden: true, isMarked: false), TileCore.TileState(id: 19, tile:  , isHidden: true, isMarked: false), TileCore.TileState(id: 20, tile: 1, isHidden: true, isMarked: false), TileCore.TileState(id: 21, tile: 1, isHidden: true, isMarked: false), TileCore.TileState(id: 22, tile: 1, isHidden: true, isMarked: false), TileCore.TileState(id: 23, tile: 1, isHidden: true, isMarked: false), TileCore.TileState(id: 24, tile: 1, isHidden: true, isMarked: false), TileCore.TileState(id: 25, tile:  , isHidden: true, isMarked: false), TileCore.TileState(id: 26, tile:  , isHidden: true, isMarked: false), TileCore.TileState(id: 27, tile: 1, isHidden: true, isMarked: false), TileCore.TileState(id: 28, tile: 1, isHidden: true, isMarked: false), TileCore.TileState(id: 29, tile: 1, isHidden: true, isMarked: false), TileCore.TileState(id: 30, tile:  , isHidden: true, isMarked: false), TileCore.TileState(id: 31, tile: 1, isHidden: true, isMarked: false), TileCore.TileState(id: 32, tile: 2, isHidden: true, isMarked: false), TileCore.TileState(id: 33, tile: 💣, isHidden: true, isMarked: false), TileCore.TileState(id: 34, tile: 1, isHidden: true, isMarked: false), TileCore.TileState(id: 35, tile: 1, isHidden: true, isMarked: false), TileCore.TileState(id: 36, tile: 1, isHidden: true, isMarked: false), TileCore.TileState(id: 37, tile: 2, isHidden: true, isMarked: false), TileCore.TileState(id: 38, tile: 💣, isHidden: true, isMarked: false), TileCore.TileState(id: 39, tile: 1, isHidden: true, isMarked: false), TileCore.TileState(id: 40, tile:  , isHidden: true, isMarked: false), TileCore.TileState(id: 41, tile: 1, isHidden: true, isMarked: false), TileCore.TileState(id: 42, tile: 💣, isHidden: true, isMarked: false), TileCore.TileState(id: 43, tile: 2, isHidden: true, isMarked: false), TileCore.TileState(id: 44, tile: 1, isHidden: true, isMarked: false), TileCore.TileState(id: 45, tile: 1, isHidden: true, isMarked: false), TileCore.TileState(id: 46, tile: 💣, isHidden: true, isMarked: false), TileCore.TileState(id: 47, tile: 2, isHidden: true, isMarked: false), TileCore.TileState(id: 48, tile: 1, isHidden: true, isMarked: false), TileCore.TileState(id: 49, tile: 1, isHidden: true, isMarked: false), TileCore.TileState(id: 50, tile: 1, isHidden: true, isMarked: false), TileCore.TileState(id: 51, tile: 2, isHidden: true, isMarked: false), TileCore.TileState(id: 52, tile: 2, isHidden: true, isMarked: false), TileCore.TileState(id: 53, tile: 3, isHidden: true, isMarked: false), TileCore.TileState(id: 54, tile: 3, isHidden: true, isMarked: false), TileCore.TileState(id: 55, tile: 3, isHidden: true, isMarked: false), TileCore.TileState(id: 56, tile: 2, isHidden: true, isMarked: false), TileCore.TileState(id: 57, tile: 1, isHidden: true, isMarked: false), TileCore.TileState(id: 58, tile:  , isHidden: true, isMarked: false), TileCore.TileState(id: 59, tile:  , isHidden: true, isMarked: false), TileCore.TileState(id: 60, tile: 💣, isHidden: true, isMarked: false), TileCore.TileState(id: 61, tile: 2, isHidden: true, isMarked: false), TileCore.TileState(id: 62, tile: 2, isHidden: true, isMarked: false), TileCore.TileState(id: 63, tile: 💣, isHidden: true, isMarked: false), TileCore.TileState(id: 64, tile: 💣, isHidden: true, isMarked: false), TileCore.TileState(id: 65, tile: 💣, isHidden: true, isMarked: false), TileCore.TileState(id: 66, tile: 1, isHidden: true, isMarked: false), TileCore.TileState(id: 67, tile:  , isHidden: true, isMarked: false), TileCore.TileState(id: 68, tile:  , isHidden: true, isMarked: false), TileCore.TileState(id: 69, tile:  , isHidden: true, isMarked: false), TileCore.TileState(id: 70, tile: 2, isHidden: true, isMarked: false), TileCore.TileState(id: 71, tile: 💣, isHidden: true, isMarked: false), TileCore.TileState(id: 72, tile: 2, isHidden: true, isMarked: false), TileCore.TileState(id: 73, tile: 2, isHidden: true, isMarked: false), TileCore.TileState(id: 74, tile: 3, isHidden: true, isMarked: false), TileCore.TileState(id: 75, tile: 2, isHidden: true, isMarked: false), TileCore.TileState(id: 76, tile: 1, isHidden: true, isMarked: false), TileCore.TileState(id: 77, tile:  , isHidden: true, isMarked: false), TileCore.TileState(id: 78, tile:  , isHidden: true, isMarked: false), TileCore.TileState(id: 79, tile:  , isHidden: true, isMarked: false), TileCore.TileState(id: 80, tile: 1, isHidden: true, isMarked: false), TileCore.TileState(id: 81, tile: 1, isHidden: true, isMarked: false), TileCore.TileState(id: 82, tile: 1, isHidden: true, isMarked: false), TileCore.TileState(id: 83, tile:  , isHidden: true, isMarked: false), TileCore.TileState(id: 84, tile:  , isHidden: true, isMarked: false), TileCore.TileState(id: 85, tile:  , isHidden: true, isMarked: false), TileCore.TileState(id: 86, tile:  , isHidden: true, isMarked: false), TileCore.TileState(id: 87, tile:  , isHidden: true, isMarked: false), TileCore.TileState(id: 88, tile:  , isHidden: true, isMarked: false), TileCore.TileState(id: 89, tile:  , isHidden: true, isMarked: false), TileCore.TileState(id: 90, tile:  , isHidden: true, isMarked: false), TileCore.TileState(id: 91, tile:  , isHidden: true, isMarked: false), TileCore.TileState(id: 92, tile:  , isHidden: true, isMarked: false), TileCore.TileState(id: 93, tile:  , isHidden: true, isMarked: false), TileCore.TileState(id: 94, tile:  , isHidden: true, isMarked: false), TileCore.TileState(id: 95, tile:  , isHidden: true, isMarked: false), TileCore.TileState(id: 96, tile:  , isHidden: true, isMarked: false), TileCore.TileState(id: 97, tile:  , isHidden: true, isMarked: false), TileCore.TileState(id: 98, tile:  , isHidden: true, isMarked: false), TileCore.TileState(id: 99, tile:  , isHidden: true, isMarked: false)]
gridInfo: <GridInfo: mines: [10, 33, 38, 42, 46, 60, 63, 64, 65, 71]; flagged: []; revealed: [0]
result: nil>