<MinefieldState: 
grid: Grid<TileState>(rows: 2, columns: 2, content: [TileCore.TileState(id: 0, tile: 1, isHidden: true, isMarked: true), TileCore.TileState(id: 1, tile: ğŸ’£, isHidden: true, isMarked: false), TileCore.TileState(id: 2, tile: 1, isHidden: true, isMarked: false), TileCore.TileState(id: 3, tile: ğŸ’£, isHidden: true, isMarked: false)])
content: [TileCore.TileState(id: 0, tile: 1, isHidden: true, isMarked: true), TileCore.TileState(id: 1, tile: ğŸ’£, isHidden: true, isMarked: false), TileCore.TileState(id: 2, tile: 1, isHidden: true, isMarked: false), TileCore.TileState(id: 3, tile: ğŸ’£, isHidden: true, isMarked: false)]
gridInfo: <GridInfo: mines: [1, 3]; flagged: [0]; revealed: []
result: nil>